(module
 (type $none_=>_i32 (func (result i32)))
 (global $mine (mut i32) (i32.const 2))
 (memory $0 256 256)
 (data (i32.const 10) "wassswaka waka waka waka")
 (export "keepalive" (func $keepalive))
 (func $keepalive (result i32)
  (i32.add
   (i32.load
    (i32.const 12)
   )
   (global.get $mine)
  )
 )
)
